000001 0000                  ;======================================================================
000002 0000                  ; MONITOR.ASM
000003 0000                  ; Machine code monitor main program
000004 0000                  ;
000005 0000                  ; Resources:
000006 0000                  ; T0 - main timing interrupt.
000007 0000                  ; T1 - baud rate generator.
000008 0000                  ; P3.2:P3.5 - Dual I2C master.
000009 0000                  ;======================================================================
000010 0000                  
000011 0000                  ;======================================================================
000012 0000                  ; Define interrupt vectors at start of dual mapped ram
000013 0000                  ;======================================================================
000014 7FFF                             .equ rambase,7fffh      ;start of dual mapped ram, below this EPROM or Data RAM
000015 0000                  ;            .equ intIE0,rambase+32
000016 0000                  ;            .equ intTF0,rambase+64
000017 0000                  ;            .equ intIE1,rambase+96
000018 0000                  ;            .equ intTF1,rambase+128
000019 0000                  ;            .equ intCom,rambase+160
000020 0000                  ;            .equ intTF2,rambase+192
000021 0000                  ;            .equ user,rambase+256
000022 0000                  
000023 0000                  ;======================================================================
000024 0000                  ;-- Reset & interrupt vectors
000025 0000                  ;======================================================================
000026 0000                              .org    0000h
000027 0000 80FE                         sjmp    monitor     ;jump over interrupt vectors
                                                 ^
  *****  Warning  ***** undefined symbol on second pass
000028 0003                              .org    0003h       ;IE0 external interrupt 0 vector
000029 0003 020000                       ljmp    intIE0
                                                 ^
  *****  Warning  ***** undefined symbol on second pass
000030 000B                              .org    000Bh       ;TF0 timer/counter 0 interrupt vector
000031 000B 020000                       ljmp    timeint     ;direct to main timing interrupt
                                                 ^
  *****  Warning  ***** undefined symbol on second pass
000032 0013                              .org    0013h       ;IE1 external interrupt 1 vector
000033 0013 020000                       ljmp    intIE1
                                                 ^
  *****  Warning  ***** undefined symbol on second pass
000034 001B                              .org    001Bh       ;TF1 timer/counter 1 interrupt vector
000035 001B 020000                       ljmp    intTF1
                                                 ^
  *****  Warning  ***** undefined symbol on second pass
000036 0023                              .org    0023h       ;serial interrupt vector.
000037 0023 020000                       ljmp    intCom
                                                 ^
  *****  Warning  ***** undefined symbol on second pass
000038 002B                              .org    002Bh       ;T2
000039 002B 020000                       ljmp    intTF2
                                                 ^
  *****  Warning  ***** undefined symbol on second pass
000040 002E                  
000041 002E                  
000042 002E                  
000043 002E                  ;======================================================================
000044 002E                  ;-- Hardware equates
000045 002E                  ;======================================================================
000046 002E                  
000047 002E                  ;======================================================================
000048 002E                  ; Bit addresses of i2c lines, 2 software I2C masters, I2C-A and I2C
000049 002E                  ;======================================================================
000050 002E                   ;               .equ sda_a, P3.3         ; bit address of I2C-A SDA
000051 002E                   ;               .equ scl_a, P3.2         ; bit address of I2C-A SCL
000052 002E                   ;               .equ sda_b, P3.5         ; bit address of I2C-B SDA
000053 002E                   ;               .equ scl_b, P3.4         ; bit address of I2C-B SCL
000054 002E                  
000055 002E                  
000056 002E                  ;======================================================================
000057 002E E541             			mov a,65
000058 0030 80CE             		sjmp $;
000059 0032                  .end

AC              =00D6  INTTF2          =0000  PX0             =00B8  
ACC             =00E0  IP              =00B8  PX1             =00BA  
ACC.0           =00E0  IP.0            =00B8  RAMBASE         =7FFF  
ACC.1           =00E1  IP.1            =00B9  RB8             =009A  
ACC.2           =00E2  IP.2            =00BA  RCAP2H          =00CB  
ACC.3           =00E3  IP.3            =00BB  RCAP2L          =00CA  
ACC.4           =00E4  IP.4            =00BC  RCLK            =00CD  
ACC.5           =00E5  IP.5            =00BD  REN             =009C  
ACC.6           =00E6  IP.6            =00BE  RI              =0098  
ACC.7           =00E7  IP.7            =00BF  RS0             =00D3  
B               =00F0  IT0             =0088  RS1             =00D4  
B.0             =00F0  IT1             =008A  RXD             =00B0  
B.1             =00F1  MONITOR         =0000  SBUF            =0099  
B.2             =00F2  OV              =00D2  SCON            =0098  
B.3             =00F3  P               =00D0  SCON.0          =0098  
B.4             =00F4  P0              =0080  SCON.1          =0099  
B.5             =00F5  P0.0            =0080  SCON.2          =009A  
B.6             =00F6  P0.1            =0081  SCON.3          =009B  
B.7             =00F7  P0.2            =0082  SCON.4          =009C  
CCAPM0          =00DA  P0.3            =0083  SCON.5          =009D  
CCAPM1          =00DB  P0.4            =0084  SCON.6          =009E  
CCAPM2          =00DC  P0.5            =0085  SCON.7          =009F  
CCAPM3          =00DD  P0.6            =0086  SM0             =009F  
CCAPM4          =00DE  P0.7            =0087  SM1             =009E  
CCON            =00D8  P1              =0090  SM2             =009D  
CCON.0          =00D8  P1.0            =0090  SP              =0081  
CCON.1          =00D9  P1.1            =0091  T2CON           =00C8  
CCON.2          =00DA  P1.2            =0092  T2CON.0         =00C8  
CCON.3          =00DB  P1.3            =0093  T2CON.1         =00C9  
CCON.4          =00DC  P1.4            =0094  T2CON.2         =00CA  
CCON.5          =00DD  P1.5            =0095  T2CON.3         =00CB  
CCON.6          =00DE  P1.6            =0096  T2CON.4         =00CC  
CCON.7          =00DF  P1.7            =0097  T2CON.5         =00CD  
CMOD            =00D9  P2              =00A0  T2CON.6         =00CE  
CPRL2           =00C8  P2.0            =00A0  T2CON.7         =00CF  
CT2             =00C9  P2.1            =00A1  TB8             =009B  
CY              =00D7  P2.2            =00A2  TCLK            =00CC  
DPH             =0083  P2.3            =00A3  TCON            =0088  
DPL             =0082  P2.4            =00A4  TCON.0          =0088  
EA              =00AF  P2.5            =00A5  TCON.1          =0089  
ES              =00AC  P2.6            =00A6  TCON.2          =008A  
ET0             =00A9  P2.7            =00A7  TCON.3          =008B  
ET1             =00AB  P3              =00B0  TCON.4          =008C  
ET2             =00AD  P3.0            =00B0  TCON.5          =008D  
EX0             =00A8  P3.1            =00B1  TCON.6          =008E  
EX1             =00AA  P3.2            =00B2  TCON.7          =008F  
EXEN2           =00CB  P3.3            =00B3  TF0             =008D  
EXF2            =00CE  P3.4            =00B4  TF1             =008F  
F0              =00D5  P3.5            =00B5  TF2             =00CF  
IE              =00A8  P3.6            =00B6  TH0             =008C  
IE.0            =00A8  P3.7            =00B7  TH1             =008D  
IE.1            =00A9  PCON            =0087  TH2             =00CD  
IE.2            =00AA  PS              =00BC  TI              =0099  
IE.3            =00AB  PSW             =00D0  TIMEINT         =0000  
IE.4            =00AC  PSW.0           =00D0  TL0             =008A  
IE.5            =00AD  PSW.1           =00D1  TL1             =008B  
IE.7            =00AF  PSW.2           =00D2  TL2             =00CC  
IE0             =0089  PSW.3           =00D3  TMOD            =0089  
IE1             =008B  PSW.4           =00D4  TR0             =008C  
INT0            =00B2  PSW.5           =00D5  TR1             =008E  
INT1            =00B3  PSW.6           =00D6  TR2             =00CA  
INTCOM          =0000  PSW.7           =00D7  TXD             =00B1  
INTIE0          =0000  PT0             =00B9  
INTIE1          =0000  PT1             =00BB  
INTTF1          =0000  PT2             =00BD  
